[    0.000000] Linux version 6.14.0-13189-ge48e99b6edf4 (root@alevasse) (gcc (GCC) 8.2.0, GNU ld (GNU Binutils) 2.31.1) #1 SMP PREEMPT_DYNAMIC Fri Apr  4 14:04:30 CEST 2025
[    0.000000] Command line: BOOT_IMAGE=/vmlinuz-latest root=/dev/sda3 ro
[    0.000000] BIOS-provided physical RAM map:
[    0.000000] BIOS-e820: [mem 0x0000000000000000-0x000000000009fbff] usable
[    0.000000] BIOS-e820: [mem 0x000000000009fc00-0x000000000009ffff] reserved
[    0.000000] BIOS-e820: [mem 0x00000000000f0000-0x00000000000fffff] reserved
[    0.000000] BIOS-e820: [mem 0x0000000000100000-0x00000000dffeffff] usable
[    0.000000] BIOS-e820: [mem 0x00000000dfff0000-0x00000000dfffffff] ACPI data
[    0.000000] BIOS-e820: [mem 0x00000000fec00000-0x00000000fec00fff] reserved
[    0.000000] BIOS-e820: [mem 0x00000000fee00000-0x00000000fee00fff] reserved
[    0.000000] BIOS-e820: [mem 0x00000000fffc0000-0x00000000ffffffff] reserved
[    0.000000] BIOS-e820: [mem 0x0000000100000000-0x000000021fffffff] usable
[    0.000000] NX (Execute Disable) protection: active
[    0.000000] APIC: Static calls initialized
[    0.000000] SMBIOS 2.5 present.
[    0.000000] DMI: innotek GmbH VirtualBox/VirtualBox, BIOS VirtualBox 12/01/2006
[    0.000000] DMI: Memory slots populated: 0/0
[    0.000000] Hypervisor detected: KVM
[    0.000000] kvm-clock: Using msrs 4b564d01 and 4b564d00
[    0.000001] kvm-clock: using sched offset of 6217869714 cycles
[    0.000002] clocksource: kvm-clock: mask: 0xffffffffffffffff max_cycles: 0x1cd42e4dffb, max_idle_ns: 881590591483 ns
[    0.000004] tsc: Detected 2112.000 MHz processor
[    0.004424] e820: update [mem 0x00000000-0x00000fff] usable ==> reserved
[    0.004425] e820: remove [mem 0x000a0000-0x000fffff] usable
[    0.004428] last_pfn = 0x220000 max_arch_pfn = 0x400000000
[    0.005335] MTRR map: 6 entries (3 fixed + 3 variable; max 35), built from 16 variable MTRRs
[    0.005355] x86/PAT: Configuration [0-7]: WB  WC  UC- UC  WB  WP  UC- WT  
[    0.006748] e820: update [mem 0xe0000000-0xffffffff] usable ==> reserved
[    0.006769] last_pfn = 0xe0000 max_arch_pfn = 0x400000000
[    0.013239] found SMP MP-table at [mem 0x0009fbf0-0x0009fbff]
[    0.013654] ACPI: Early table checksum verification disabled
[    0.013656] ACPI: RSDP 0x00000000000E0000 000024 (v02 VBOX  )
[    0.013662] ACPI: XSDT 0x00000000DFFF0030 00003C (v01 VBOX   VBOXXSDT 00000001 ASL  00000061)
[    0.013665] ACPI: FACP 0x00000000DFFF00F0 0000F4 (v04 VBOX   VBOXFACP 00000001 ASL  00000061)
[    0.013667] ACPI: DSDT 0x00000000DFFF0640 002353 (v02 VBOX   VBOXBIOS 00000002 INTL 20200925)
[    0.013669] ACPI: FACS 0x00000000DFFF0200 000040
[    0.013671] ACPI: FACS 0x00000000DFFF0200 000040
[    0.013672] ACPI: APIC 0x00000000DFFF0240 00008C (v02 VBOX   VBOXAPIC 00000001 ASL  00000061)
[    0.013674] ACPI: SSDT 0x00000000DFFF02D0 00036C (v01 VBOX   VBOXCPUT 00000002 INTL 20200925)
[    0.013675] ACPI: Reserving FACP table memory at [mem 0xdfff00f0-0xdfff01e3]
[    0.013676] ACPI: Reserving DSDT table memory at [mem 0xdfff0640-0xdfff2992]
[    0.013676] ACPI: Reserving FACS table memory at [mem 0xdfff0200-0xdfff023f]
[    0.013677] ACPI: Reserving FACS table memory at [mem 0xdfff0200-0xdfff023f]
[    0.013677] ACPI: Reserving APIC table memory at [mem 0xdfff0240-0xdfff02cb]
[    0.013677] ACPI: Reserving SSDT table memory at [mem 0xdfff02d0-0xdfff063b]
[    0.016079] No NUMA configuration found
[    0.016079] Faking a node at [mem 0x0000000000000000-0x000000021fffffff]
[    0.016080] NODE_DATA(0) allocated [mem 0x21fff8800-0x21fffbfff]
[    0.016101] Zone ranges:
[    0.016101]   DMA      [mem 0x0000000000001000-0x0000000000ffffff]
[    0.016102]   DMA32    [mem 0x0000000001000000-0x00000000ffffffff]
[    0.016102]   Normal   [mem 0x0000000100000000-0x000000021fffffff]
[    0.016103] Movable zone start for each node
[    0.016103] Early memory node ranges
[    0.016103]   node   0: [mem 0x0000000000001000-0x000000000009efff]
[    0.016104]   node   0: [mem 0x0000000000100000-0x00000000dffeffff]
[    0.016105]   node   0: [mem 0x0000000100000000-0x000000021fffffff]
[    0.016105] Initmem setup node 0 [mem 0x0000000000001000-0x000000021fffffff]
[    0.016367] On node 0, zone DMA: 1 pages in unavailable ranges
[    0.016446] On node 0, zone DMA: 97 pages in unavailable ranges
[    0.073754] On node 0, zone Normal: 16 pages in unavailable ranges
[    0.079820] ACPI: PM-Timer IO Port: 0x4008
[    0.080132] IOAPIC[0]: apic_id 8, version 32, address 0xfec00000, GSI 0-23
[    0.080134] ACPI: INT_SRC_OVR (bus 0 bus_irq 0 global_irq 2 dfl dfl)
[    0.080135] ACPI: INT_SRC_OVR (bus 0 bus_irq 9 global_irq 9 low level)
[    0.080138] ACPI: Using ACPI (MADT) for SMP configuration information
[    0.080141] CPU topo: Max. logical packages:   1
[    0.080142] CPU topo: Max. logical dies:       1
[    0.080142] CPU topo: Max. dies per package:   1
[    0.080144] CPU topo: Max. threads per core:   1
[    0.080144] CPU topo: Num. cores per package:     8
[    0.080145] CPU topo: Num. threads per package:   8
[    0.080145] CPU topo: Allowing 8 present CPUs plus 0 hotplug CPUs
[    0.080252] PM: hibernation: Registered nosave memory: [mem 0x00000000-0x00000fff]
[    0.080253] PM: hibernation: Registered nosave memory: [mem 0x0009f000-0x0009ffff]
[    0.080253] PM: hibernation: Registered nosave memory: [mem 0x000a0000-0x000effff]
[    0.080253] PM: hibernation: Registered nosave memory: [mem 0x000f0000-0x000fffff]
[    0.080254] PM: hibernation: Registered nosave memory: [mem 0xdfff0000-0xdfffffff]
[    0.080254] PM: hibernation: Registered nosave memory: [mem 0xe0000000-0xfebfffff]
[    0.080255] PM: hibernation: Registered nosave memory: [mem 0xfec00000-0xfec00fff]
[    0.080255] PM: hibernation: Registered nosave memory: [mem 0xfec01000-0xfedfffff]
[    0.080255] PM: hibernation: Registered nosave memory: [mem 0xfee00000-0xfee00fff]
[    0.080255] PM: hibernation: Registered nosave memory: [mem 0xfee01000-0xfffbffff]
[    0.080256] PM: hibernation: Registered nosave memory: [mem 0xfffc0000-0xffffffff]
[    0.080256] [mem 0xe0000000-0xfebfffff] available for PCI devices
[    0.080257] Booting paravirtualized kernel on KVM
[    0.080258] clocksource: refined-jiffies: mask: 0xffffffff max_cycles: 0xffffffff, max_idle_ns: 1910969940391419 ns
[    0.083596] setup_percpu: NR_CPUS:64 nr_cpumask_bits:8 nr_cpu_ids:8 nr_node_ids:1
[    0.084539] percpu: Embedded 51 pages/cpu s171160 r8192 d29544 u262144
[    0.084541] pcpu-alloc: s171160 r8192 d29544 u262144 alloc=1*2097152
[    0.084543] pcpu-alloc: [0] 0 1 2 3 4 5 6 7 
[    0.084602] Kernel command line: BOOT_IMAGE=/vmlinuz-latest root=/dev/sda3 ro
[    0.084625] Unknown kernel command line parameters "BOOT_IMAGE=/vmlinuz-latest", will be passed to user space.
[    0.084633] random: crng init done
[    0.084633] printk: log buffer data + meta data: 262144 + 917504 = 1179648 bytes
[    0.088175] Dentry cache hash table entries: 1048576 (order: 11, 8388608 bytes, linear)
[    0.089917] Inode-cache hash table entries: 524288 (order: 10, 4194304 bytes, linear)
[    0.090088] software IO TLB: area num 8.
[    0.116878] Fallback order for Node 0: 0 
[    0.116883] Built 1 zonelists, mobility grouping on.  Total pages: 2097038
[    0.116884] Policy zone: Normal
[    0.116885] mem auto-init: stack:off, heap alloc:off, heap free:off
[    0.125984] SLUB: HWalign=64, Order=0-3, MinObjects=0, CPUs=8, Nodes=1
[    0.126016] Kernel/User page tables isolation: enabled
[    0.126950] Dynamic Preempt: voluntary
[    0.127242] rcu: Preemptible hierarchical RCU implementation.
[    0.127242] rcu: 	RCU event tracing is enabled.
[    0.127242] rcu: 	RCU restricting CPUs from NR_CPUS=64 to nr_cpu_ids=8.
[    0.127244] 	Trampoline variant of Tasks RCU enabled.
[    0.127244] 	Tracing variant of Tasks RCU enabled.
[    0.127244] rcu: RCU calculated value of scheduler-enlistment delay is 100 jiffies.
[    0.127245] rcu: Adjusting geometry for rcu_fanout_leaf=16, nr_cpu_ids=8
[    0.127254] RCU Tasks: Setting shift to 3 and lim to 1 rcu_task_cb_adjust=1 rcu_task_cpu_ids=8.
[    0.127255] RCU Tasks Trace: Setting shift to 3 and lim to 1 rcu_task_cb_adjust=1 rcu_task_cpu_ids=8.
[    0.128994] NR_IRQS: 4352, nr_irqs: 488, preallocated irqs: 16
[    0.129450] rcu: srcu_init: Setting srcu_struct sizes based on contention.
[    0.175943] Console: colour VGA+ 80x25
[    0.175945] printk: legacy console [tty0] enabled
[    0.447622] ACPI: Core revision 20240827
[    0.449860] APIC: Switch to symmetric I/O mode setup
[    0.453873] x2apic enabled
[    0.457499] APIC: Switched APIC routing to: physical x2apic
[    0.468714] ..TIMER: vector=0x30 apic1=0 pin1=2 apic2=-1 pin2=-1
[    0.471199] clocksource: tsc-early: mask: 0xffffffffffffffff max_cycles: 0x1e71785e5dd, max_idle_ns: 440795244814 ns
[    0.474620] Calibrating delay loop (skipped) preset value.. 4224.00 BogoMIPS (lpj=2112000)
[    0.477732] Last level iTLB entries: 4KB 0, 2MB 0, 4MB 0
[    0.478619] Last level dTLB entries: 4KB 0, 2MB 0, 4MB 0, 1GB 0
[    0.480618] Spectre V1 : Mitigation: usercopy/swapgs barriers and __user pointer sanitization
[    0.481618] Spectre V2 : Mitigation: Retpolines
[    0.482618] Spectre V2 : Spectre v2 / SpectreRSB mitigation: Filling RSB on context switch
[    0.483618] Spectre V2 : Spectre v2 / SpectreRSB : Filling RSB on VMEXIT
[    0.484618] Speculative Store Bypass: Vulnerable
[    0.485619] MDS: Vulnerable: Clear CPU buffers attempted, no microcode
[    0.486618] MMIO Stale Data: Unknown: No mitigations
[    0.487737] x86/fpu: Supporting XSAVE feature 0x001: 'x87 floating point registers'
[    0.488618] x86/fpu: Supporting XSAVE feature 0x002: 'SSE registers'
[    0.489618] x86/fpu: Supporting XSAVE feature 0x004: 'AVX registers'
[    0.490618] x86/fpu: xstate_offset[2]:  576, xstate_sizes[2]:  256
[    0.491618] x86/fpu: Enabled xstate features 0x7, context size is 832 bytes, using 'standard' format.
[    0.505348] Freeing SMP alternatives memory: 52K
[    0.506622] pid_max: default: 32768 minimum: 301
[    0.507630] LSM: initializing lsm=capability,selinux
[    0.508628] SELinux:  Initializing.
[    0.509751] Mount-cache hash table entries: 16384 (order: 5, 131072 bytes, linear)
[    0.511680] Mountpoint-cache hash table entries: 16384 (order: 5, 131072 bytes, linear)
[    0.615141] smpboot: CPU0: Intel(R) Core(TM) i7-14700 (family: 0x6, model: 0xb7, stepping: 0x1)
[    0.615823] Performance Events: unsupported CPU family 6 model 183 no PMU driver, software events only.
[    0.616653] signal: max sigframe size: 1776
[    0.617658] rcu: Hierarchical SRCU implementation.
[    0.618618] rcu: 	Max phase no-delay instances is 400.
[    0.619682] Timer migration: 1 hierarchy levels; 8 children per group; 1 crossnode level
[    0.620795] smp: Bringing up secondary CPUs ...
[    0.621946] smpboot: x86: Booting SMP configuration:
[    0.622619] .... node  #0, CPUs:      #1 #2 #3 #4 #5 #6 #7
[    0.667203] smp: Brought up 1 node, 8 CPUs
[    0.668620] smpboot: Total of 8 processors activated (33792.00 BogoMIPS)
[    0.673655] Memory: 8131804K/8388152K available (17754K kernel code, 2882K rwdata, 7280K rodata, 2816K init, 876K bss, 251000K reserved, 0K cma-reserved)
[    0.675703] devtmpfs: initialized
[    0.677733] clocksource: jiffies: mask: 0xffffffff max_cycles: 0xffffffff, max_idle_ns: 1911260446275000 ns
[    0.678620] posixtimers hash table entries: 4096 (order: 4, 65536 bytes, linear)
[    0.679644] futex hash table entries: 2048 (order: 5, 131072 bytes, linear)
[    0.681619] PM: RTC time: 12:23:08, date: 2025-04-04
[    0.683074] NET: Registered PF_NETLINK/PF_ROUTE protocol family
[    0.683668] audit: initializing netlink subsys (disabled)
[    0.684663] audit: type=2000 audit(1743769395.997:1): state=initialized audit_enabled=0 res=1
[    0.685695] thermal_sys: Registered thermal governor 'step_wise'
[    0.686654] cpuidle: using governor menu
[    0.690080] PCI: Using configuration type 1 for base access
[    0.690680] kprobes: kprobe jump-optimization is enabled. All kprobes are optimized if possible.
[    0.695115] HugeTLB: allocation took 0ms with hugepage_allocation_threads=2
[    0.695816] HugeTLB: registered 2.00 MiB page size, pre-allocated 0 pages
[    0.696619] HugeTLB: 28 KiB vmemmap can be freed for a 2.00 MiB page
[    0.700665] ACPI: Added _OSI(Module Device)
[    0.701619] ACPI: Added _OSI(Processor Device)
[    0.703622] ACPI: Added _OSI(3.0 _SCP Extensions)
[    0.705618] ACPI: Added _OSI(Processor Aggregator Device)
[    0.709279] ACPI: 2 ACPI AML tables successfully acquired and loaded
[    0.719374] ACPI: Interpreter enabled
[    0.720625] ACPI: PM: (supports S0 S5)
[    0.723618] ACPI: Using IOAPIC for interrupt routing
[    0.724617] PCI: Using host bridge windows from ACPI; if necessary, use "pci=nocrs" and report a bug
[    0.730619] PCI: Using E820 reservations for host bridge windows
[    0.733993] ACPI: Enabled 2 GPEs in block 00 to 07
[    0.754992] ACPI: PCI Root Bridge [PCI0] (domain 0000 [bus 00-ff])
[    0.758620] acpi PNP0A03:00: _OSC: OS supports [ASPM ClockPM Segments MSI HPX-Type3]
[    0.761620] acpi PNP0A03:00: _OSC: not requesting OS control; OS requires [ExtendedConfig ASPM ClockPM MSI]
[    0.765786] acpi PNP0A03:00: fail to add MMCONFIG information, can't access extended configuration space under this bridge
[    0.771025] PCI host bridge to bus 0000:00
[    0.773619] pci_bus 0000:00: root bus resource [io  0x0000-0x0cf7 window]
[    0.775618] pci_bus 0000:00: root bus resource [io  0x0d00-0xffff window]
[    0.778618] pci_bus 0000:00: root bus resource [mem 0x000a0000-0x000bffff window]
[    0.782620] pci_bus 0000:00: root bus resource [mem 0xe0000000-0xfdffffff window]
[    0.785619] pci_bus 0000:00: root bus resource [bus 00-ff]
[    0.789459] pci 0000:00:00.0: [8086:1237] type 00 class 0x060000 conventional PCI endpoint
[    0.799352] pci 0000:00:01.0: [8086:7000] type 00 class 0x060100 conventional PCI endpoint
[    0.811240] pci 0000:00:01.1: [8086:7111] type 00 class 0x01018a conventional PCI endpoint
[    0.819427] pci 0000:00:01.1: BAR 4 [io  0xd000-0xd00f]
[    0.823081] pci 0000:00:01.1: BAR 0 [io  0x01f0-0x01f7]: legacy IDE quirk
[    0.825618] pci 0000:00:01.1: BAR 1 [io  0x03f6]: legacy IDE quirk
[    0.827618] pci 0000:00:01.1: BAR 2 [io  0x0170-0x0177]: legacy IDE quirk
[    0.830618] pci 0000:00:01.1: BAR 3 [io  0x0376]: legacy IDE quirk
[    0.835618] pci 0000:00:02.0: [15ad:0405] type 00 class 0x030000 conventional PCI endpoint
[    0.850807] pci 0000:00:02.0: BAR 0 [io  0xd010-0xd01f]
[    0.853735] pci 0000:00:02.0: BAR 1 [mem 0xe0000000-0xe0ffffff pref]
[    0.856734] pci 0000:00:02.0: BAR 2 [mem 0xf0000000-0xf01fffff]
[    0.861284] pci 0000:00:02.0: Video device with shadowed ROM at [mem 0x000c0000-0x000dffff]
[    0.867081] pci 0000:00:03.0: [8086:100e] type 00 class 0x020000 conventional PCI endpoint
[    0.877736] pci 0000:00:03.0: BAR 0 [mem 0xf0200000-0xf021ffff]
[    0.881851] pci 0000:00:03.0: BAR 2 [io  0xd020-0xd027]
[    0.889734] pci 0000:00:04.0: [80ee:cafe] type 00 class 0x088000 conventional PCI endpoint
[    0.900202] pci 0000:00:04.0: BAR 0 [io  0xd040-0xd05f]
[    0.903738] pci 0000:00:04.0: BAR 1 [mem 0xf0400000-0xf07fffff]
[    0.905734] pci 0000:00:04.0: BAR 2 [mem 0xf0800000-0xf0803fff pref]
[    0.911930] pci 0000:00:05.0: [8086:2415] type 00 class 0x040100 conventional PCI endpoint
[    0.919733] pci 0000:00:05.0: BAR 0 [io  0xd100-0xd1ff]
[    0.922733] pci 0000:00:05.0: BAR 1 [io  0xd200-0xd23f]
[    0.928200] pci 0000:00:06.0: [106b:003f] type 00 class 0x0c0310 conventional PCI endpoint
[    0.939194] pci 0000:00:06.0: BAR 0 [mem 0xf0804000-0xf0804fff]
[    0.945900] pci 0000:00:07.0: [8086:7113] type 00 class 0x068000 conventional PCI endpoint
[    0.954436] pci 0000:00:07.0: quirk: [io  0x4000-0x403f] claimed by PIIX4 ACPI
[    0.958618] pci 0000:00:07.0: quirk: [io  0x4100-0x410f] claimed by PIIX4 SMB
[    0.963850] pci 0000:00:0b.0: [8086:265c] type 00 class 0x0c0320 conventional PCI endpoint
[    0.976198] pci 0000:00:0b.0: BAR 0 [mem 0xf0805000-0xf0805fff]
[    0.983734] pci 0000:00:0d.0: [8086:2829] type 00 class 0x010601 conventional PCI endpoint
[    0.995310] pci 0000:00:0d.0: BAR 0 [io  0xd240-0xd247]
[    0.997737] pci 0000:00:0d.0: BAR 1 [io  0xd248-0xd24b]
[    1.000734] pci 0000:00:0d.0: BAR 2 [io  0xd250-0xd257]
[    1.003746] pci 0000:00:0d.0: BAR 3 [io  0xd258-0xd25b]
[    1.005736] pci 0000:00:0d.0: BAR 4 [io  0xd260-0xd26f]
[    1.008734] pci 0000:00:0d.0: BAR 5 [mem 0xf0806000-0xf0807fff]
[    1.023142] ACPI: PCI: Interrupt link LNKA configured for IRQ 11
[    1.026748] ACPI: PCI: Interrupt link LNKB configured for IRQ 10
[    1.029096] ACPI: PCI: Interrupt link LNKC configured for IRQ 9
[    1.032979] ACPI: PCI: Interrupt link LNKD configured for IRQ 11
[    1.036873] iommu: Default domain type: Translated
[    1.038618] iommu: DMA domain TLB invalidation policy: lazy mode
[    1.042173] SCSI subsystem initialized
[    1.044739] libata version 3.00 loaded.
[    1.044739] ACPI: bus type USB registered
[    1.046666] usbcore: registered new interface driver usbfs
[    1.049625] usbcore: registered new interface driver hub
[    1.051623] usbcore: registered new device driver usb
[    1.054660] pps_core: LinuxPPS API ver. 1 registered
[    1.056618] pps_core: Software ver. 5.3.6 - Copyright 2005-2007 Rodolfo Giometti <giometti@linux.it>
[    1.060619] PTP clock support registered
[    1.063804] Advanced Linux Sound Architecture Driver Initialized.
[    1.066047] NetLabel: Initializing
[    1.068618] NetLabel:  domain hash size = 128
[    1.070618] NetLabel:  protocols = UNLABELED CIPSOv4 CALIPSO
[    1.072655] NetLabel:  unlabeled traffic allowed by default
[    1.076706] PCI: Using ACPI for IRQ routing
[    1.078620] PCI: pci_cache_line_size set to 64 bytes
[    1.080856] e820: reserve RAM buffer [mem 0x0009fc00-0x0009ffff]
[    1.080902] e820: reserve RAM buffer [mem 0xdfff0000-0xdfffffff]
[    1.081778] pci 0000:00:02.0: vgaarb: setting as boot VGA device
[    1.082617] pci 0000:00:02.0: vgaarb: bridge control possible
[    1.082617] pci 0000:00:02.0: vgaarb: VGA device added: decodes=io+mem,owns=io+mem,locks=none
[    1.090620] vgaarb: loaded
[    1.101564] clocksource: Switched to clocksource kvm-clock
[    1.105346] VFS: Disk quotas dquot_6.6.0
[    1.107469] VFS: Dquot-cache hash table entries: 512 (order 0, 4096 bytes)
[    1.111481] pnp: PnP ACPI init
[    1.111883] pnp: PnP ACPI: found 2 devices
[    1.153984] clocksource: acpi_pm: mask: 0xffffff max_cycles: 0xffffff, max_idle_ns: 2085701024 ns
[    1.154935] NET: Registered PF_INET protocol family
[    1.160156] IP idents hash table entries: 131072 (order: 8, 1048576 bytes, linear)
[    1.164838] tcp_listen_portaddr_hash hash table entries: 4096 (order: 4, 65536 bytes, linear)
[    1.168331] Table-perturb hash table entries: 65536 (order: 6, 262144 bytes, linear)
[    1.171530] TCP established hash table entries: 65536 (order: 7, 524288 bytes, linear)
[    1.175276] TCP bind hash table entries: 65536 (order: 9, 2097152 bytes, linear)
[    1.179488] TCP: Hash tables configured (established 65536 bind 65536)
[    1.179695] UDP hash table entries: 4096 (order: 6, 262144 bytes, linear)
[    1.179695] UDP-Lite hash table entries: 4096 (order: 6, 262144 bytes, linear)
[    1.179695] NET: Registered PF_UNIX/PF_LOCAL protocol family
[    1.193103] RPC: Registered named UNIX socket transport module.
[    1.193895] RPC: Registered udp transport module.
[    1.193895] RPC: Registered tcp transport module.
[    1.200381] RPC: Registered tcp-with-tls transport module.
[    1.202960] RPC: Registered tcp NFSv4.1 backchannel transport module.
[    1.206498] pci_bus 0000:00: resource 4 [io  0x0000-0x0cf7 window]
[    1.209161] pci_bus 0000:00: resource 5 [io  0x0d00-0xffff window]
[    1.210113] pci_bus 0000:00: resource 6 [mem 0x000a0000-0x000bffff window]
[    1.210113] pci_bus 0000:00: resource 7 [mem 0xe0000000-0xfdffffff window]
[    1.210113] pci 0000:00:00.0: Limiting direct PCI/PCI transfers
[    1.225696] PCI: CLS 0 bytes, default 64
[    1.225696] PCI-DMA: Using software bounce buffering for IO (SWIOTLB)
[    1.232669] software IO TLB: mapped [mem 0x00000000dbff0000-0x00000000dfff0000] (64MB)
[    1.236834] RAPL PMU: API unit is 2^-32 Joules, 0 fixed counters, 335544320 ms ovfl timer
[    1.237718] clocksource: tsc: mask: 0xffffffffffffffff max_cycles: 0x1e71785e5dd, max_idle_ns: 440795244814 ns
[    1.237718] platform rtc_cmos: registered platform RTC device (no PNP device found)
[    1.263830] Initialise system trusted keyrings
[    1.266734] workingset: timestamp_bits=56 max_order=21 bucket_order=0
[    1.270081] NFS: Registering the id_resolver key type
[    1.272579] Key type id_resolver registered
[    1.274874] Key type id_legacy registered
[    1.277549] 9p: Installing v9fs 9p2000 file system support
[    1.284672] Key type asymmetric registered
[    1.284672] Asymmetric key parser 'x509' registered
[    1.284672] Block layer SCSI generic (bsg) driver version 0.4 loaded (major 251)
[    1.284672] io scheduler mq-deadline registered
[    1.284672] io scheduler kyber registered
[    1.324582] ACPI: AC: AC Adapter [AC] (on-line)
[    1.325634] input: Power Button as /devices/LNXSYSTM:00/LNXPWRBN:00/input/input0
[    1.330781] ACPI: button: Power Button [PWRF]
[    1.333062] input: Sleep Button as /devices/LNXSYSTM:00/LNXSLPBN:00/input/input1
[    1.337533] ACPI: button: Sleep Button [SLPF]
[    1.339899] ACPI: video: Video Device [GFX0] (multi-head: yes  rom: no  post: no)
[    1.340754] input: Video Bus as /devices/LNXSYSTM:00/LNXSYBUS:00/PNP0A03:00/LNXVIDEO:00/input/input2
[    1.352319] Serial: 8250/16550 driver, 4 ports, IRQ sharing enabled
[    1.355990] Non-volatile memory driver v1.3
[    1.355990] Linux agpgart interface v0.103
[    1.360577] ACPI: bus type drm_connector registered
[    1.369665] loop: module loaded
[    1.369665] ahci 0000:00:0d.0: version 3.0
[    1.369665] ahci 0000:00:0d.0: SSS flag set, parallel bus scan disabled
[    1.369665] ahci 0000:00:0d.0: AHCI vers 0001.0100, 32 command slots, 3 Gbps, SATA mode
[    1.369665] ahci 0000:00:0d.0: 1/1 ports implemented (port mask 0x1)
[    1.369665] ahci 0000:00:0d.0: flags: 64bit ncq stag only ccc 
[    1.389255] scsi host0: ahci
[    1.390181] ata1: SATA max UDMA/133 abar m8192@0xf0806000 port 0xf0806100 irq 21 lpm-pol 0
[    1.390181] ata_piix 0000:00:01.1: version 2.13
[    1.398069] scsi host1: ata_piix
[    1.401462] scsi host2: ata_piix
[    1.403474] ata2: PATA max UDMA/33 cmd 0x1f0 ctl 0x3f6 bmdma 0xd000 irq 14 lpm-pol 0
[    1.404406] ata3: PATA max UDMA/33 cmd 0x170 ctl 0x376 bmdma 0xd008 irq 15 lpm-pol 0
[    1.404406] e100: Intel(R) PRO/100 Network Driver
[    1.412240] e100: Copyright(c) 1999-2006 Intel Corporation
[    1.415111] e1000: Intel(R) PRO/1000 Network Driver
[    1.417737] e1000: Copyright (c) 1999-2006 Intel Corporation.
[    1.650647] ata3.00: ATAPI: VBOX CD-ROM, 1.0, max UDMA/133
[    2.009153] ata1: SATA link up 3.0 Gbps (SStatus 123 SControl 300)
[    2.012827] ata1.00: ATA-6: VBOX HARDDISK, 1.0, max UDMA/133
[    2.013618] ata1.00: 41943040 sectors, multi 128: LBA48 NCQ (depth 32)
[    2.019130] ata1.00: configured for UDMA/133
[    2.023028] scsi 0:0:0:0: Direct-Access     ATA      VBOX HARDDISK    1.0  PQ: 0 ANSI: 5
[    2.023795] scsi 0:0:0:0: Attached scsi generic sg0 type 0
[    2.035149] sd 0:0:0:0: [sda] 41943040 512-byte logical blocks: (21.5 GB/20.0 GiB)
[    2.038611] sd 0:0:0:0: [sda] Write Protect is off
[    2.041155] sd 0:0:0:0: [sda] Mode Sense: 00 3a 00 00
[    2.041163] sd 0:0:0:0: [sda] Write cache: enabled, read cache: enabled, doesn't support DPO or FUA
[    2.043351] scsi 2:0:0:0: CD-ROM            VBOX     CD-ROM           1.0  PQ: 0 ANSI: 5
[    2.045072] sd 0:0:0:0: [sda] Preferred minimum I/O size 512 bytes
[    2.331859] sr 2:0:0:0: [sr0] scsi3-mmc drive: 32x/32x xa/form2 tray
[    2.332778] cdrom: Uniform CD-ROM driver Revision: 3.20
[    2.339970]  sda: sda1 sda2 sda3
[    2.340689] sd 0:0:0:0: [sda] Attached SCSI disk
[    2.397424] sr 2:0:0:0: Attached scsi CD-ROM sr0
[    2.398660] sr 2:0:0:0: Attached scsi generic sg1 type 5
[    2.402781] e1000 0000:00:03.0 eth0: (PCI:33MHz:32-bit) 08:00:27:31:34:42
[    2.402781] e1000 0000:00:03.0 eth0: Intel(R) PRO/1000 Network Connection
[    2.402781] e1000e: Intel(R) PRO/1000 Network Driver
[    2.402781] e1000e: Copyright(c) 1999 - 2015 Intel Corporation.
[    2.402781] sky2: driver version 1.30
[    2.462095] ohci-pci 0000:00:06.0: OHCI PCI host controller
[    2.465416] ohci-pci 0000:00:06.0: new USB bus registered, assigned bus number 1
[    2.466383] ohci-pci 0000:00:06.0: irq 22, io mem 0xf0804000
[    2.601030] usb usb1: New USB device found, idVendor=1d6b, idProduct=0001, bcdDevice= 6.14
[    2.613493] usb usb1: New USB device strings: Mfr=3, Product=2, SerialNumber=1
[    2.614437] usb usb1: Product: OHCI PCI host controller
[    2.614437] usb usb1: Manufacturer: Linux 6.14.0-13189-ge48e99b6edf4 ohci_hcd
[    2.614437] usb usb1: SerialNumber: 0000:00:06.0
[    2.626159] hub 1-0:1.0: USB hub found
[    2.628444] hub 1-0:1.0: 12 ports detected
[    2.631783] usbcore: registered new interface driver usblp
[    2.632988] ehci-pci 0000:00:0b.0: EHCI Host Controller
[    2.631783] usbcore: registered new interface driver usb-storage
[    2.633960] ehci-pci 0000:00:0b.0: new USB bus registered, assigned bus number 2
[    2.631783] i8042: PNP: PS/2 Controller [PNP0303:PS2K,PNP0f03:PS2M] at 0x60,0x64 irq 1,12
[    2.633960] ehci-pci 0000:00:0b.0: irq 19, io mem 0xf0805000
[    2.651207] serio: i8042 KBD port at 0x60,0x64 irq 1
[    2.651691] serio: i8042 AUX port at 0x60,0x64 irq 12
[    2.656892] ehci-pci 0000:00:0b.0: USB 2.0 started, EHCI 1.00
[    2.660055] usb usb2: New USB device found, idVendor=1d6b, idProduct=0002, bcdDevice= 6.14
[    2.662374] rtc_cmos rtc_cmos: registered as rtc0
[    2.663586] usb usb2: New USB device strings: Mfr=3, Product=2, SerialNumber=1
[    2.666596] rtc_cmos rtc_cmos: alarms up to one day, 114 bytes nvram
[    2.666722] usb usb2: Product: EHCI Host Controller
[    2.666722] usb usb2: Manufacturer: Linux 6.14.0-13189-ge48e99b6edf4 ehci_hcd
[    2.666722] usb usb2: SerialNumber: 0000:00:0b.0
[    2.669260] hub 2-0:1.0: USB hub found
[    2.672325] input: AT Translated Set 2 keyboard as /devices/platform/i8042/serio0/input/input3
[    2.674573] hub 2-0:1.0: 12 ports detected
[    2.674763] device-mapper: ioctl: 4.49.0-ioctl (2025-01-17) initialised: dm-devel@lists.linux.dev
[    2.681032] intel_pstate: CPU model not supported
[    2.694064] hid: raw HID events driver (C) Jiri Kosina
[    2.697163] usbcore: registered new interface driver usbhid
[    2.699842] usbhid: USB HID core driver
[    2.708455] Initializing XFRM netlink socket
[    2.711017] NET: Registered PF_INET6 protocol family
[    2.715905] Segment Routing with IPv6
[    2.718315] In-situ OAM (IOAM) with IPv6
[    2.719145] sit: IPv6, IPv4 and MPLS over IPv4 tunneling driver
[    2.723353] NET: Registered PF_PACKET protocol family
[    2.725906] 9pnet: Installing 9P2000 support
[    2.728224] Key type dns_resolver registered
[    2.736879] IPI shorthand broadcast: enabled
[    2.742986] sched_clock: Marking stable (2402325482, 340603182)->(2893934037, -151005373)
[    2.750161] registered taskstats version 1
[    2.752584] Loading compiled-in X.509 certificates
[    2.758579] Demotion targets for Node 0: null
[    2.762003] PM:   Magic number: 5:382:379
[    2.764402] printk: legacy console [netcon0] enabled
[    2.767031] netconsole: network logging started
[    2.769357] cfg80211: Loading compiled-in X.509 certificates for regulatory database
[    2.774108] kworker/u40:0 (112) used greatest stack depth: 14056 bytes left
[    2.776399] Loaded X.509 cert 'sforshee: 00b28ddf47aef9cea7'
[    2.784898] Loaded X.509 cert 'wens: 61c038651aabdcf94bd0ac7ff06c7248db18c600'
[    2.788786] platform regulatory.0: Direct firmware load for regulatory.db failed with error -2
[    2.792809] cfg80211: failed to load regulatory.db
[    2.793055] ALSA device list:
[    2.797720]   No soundcards found.
[    2.805902] input: ImExPS/2 Generic Explorer Mouse as /devices/platform/i8042/serio1/input/input5
[    2.810010] md: Waiting for all devices to be available before autodetect
[    2.812907] md: If you don't use raid, use raid=noautodetect
[    2.815332] md: Autodetecting RAID arrays.
[    2.817375] md: autorun ...
[    2.819171] md: ... autorun DONE.
[    2.828949] EXT4-fs (sda3): mounted filesystem 115b63a6-e93c-4907-85a9-2b6293bc218a ro with ordered data mode. Quota mode: none.
[    2.833121] VFS: Mounted root (ext4 filesystem) readonly on device 8:3.
[    2.837700] devtmpfs: mounted
[    2.841850] Freeing unused kernel image (initmem) memory: 2816K
[    2.844798] Write protecting the kernel read-only data: 26624k
[    2.849244] Freeing unused kernel image (text/rodata gap) memory: 676K
[    2.853852] Freeing unused kernel image (rodata/data gap) memory: 912K
[    2.882636] x86/mm: Checked W+X mappings: passed, no W+X pages found.
[    2.885267] x86/mm: Checking user space page tables
[    2.912792] x86/mm: Checked W+X mappings: passed, no W+X pages found.
[    2.912941] usb 1-1: new full-speed USB device number 2 using ohci-pci
[    2.915587] Run /sbin/init as init process
[    2.915588]   with arguments:
[    2.915588]     /sbin/init
[    2.915589]   with environment:
[    2.915589]     HOME=/
[    2.915589]     TERM=linux
[    2.915589]     BOOT_IMAGE=/vmlinuz-latest
[    2.966527] stty (121) used greatest stack depth: 12928 bytes left
[    2.998351] mountpoint (128) used greatest stack depth: 12760 bytes left
[    3.110622] usb 1-1: New USB device found, idVendor=80ee, idProduct=0021, bcdDevice= 1.00
[    3.115236] usb 1-1: New USB device strings: Mfr=1, Product=3, SerialNumber=0
[    3.118476] usb 1-1: Product: USB Tablet
[    3.120803] usb 1-1: Manufacturer: VirtualBox
[    3.135985] input: VirtualBox USB Tablet as /devices/pci0000:00/0000:00:06.0/usb1/1-1/1-1:1.0/0003:80EE:0021.0001/input/input6
[    3.136863] hid-generic 0003:80EE:0021.0001: input,hidraw0: USB HID v1.10 Mouse [VirtualBox USB Tablet] on usb-0000:00:06.0-1/input0
[    3.196050] udevd[210]: starting version 3.2.5
[    3.225218] udevd[211]: starting eudev-3.2.5
[    3.264851] e1000 0000:00:03.0 enp0s3: renamed from eth0
[   11.787208] Adding 2097148k swap on /dev/sda2.  Priority:1 extents:1 across:2097148k 
[   11.867022] EXT4-fs (sda3): re-mounted 115b63a6-e93c-4907-85a9-2b6293bc218a.
[   12.026676] EXT4-fs (sda3): re-mounted 115b63a6-e93c-4907-85a9-2b6293bc218a r/w.
[   12.111917] EXT4-fs (sda1): mounted filesystem 544dcc45-1319-4606-9a8e-6a8cc8e0248e r/w with ordered data mode. Quota mode: none.
[   12.127481] ext4 filesystem being mounted at /boot supports timestamps until 2038-01-19 (0x7fffffff)
[   13.714218] e1000: enp0s3 NIC Link is Up 1000 Mbps Full Duplex, Flow Control: RX
[   55.326875] xauth (701) used greatest stack depth: 12712 bytes left
